// Jest Snapshot v1, https://goo.gl/fbAQLP

exports[`App snapshot renders the loading screen 1`] = `
<View
  style={
    Object {
      "bottom": 0,
      "left": 0,
      "position": "absolute",
      "right": 0,
      "top": 0,
    }
  }
>
  <Image
    source={1}
    style={
      Object {
        "bottom": 0,
        "left": 0,
        "position": "absolute",
      }
    }
  />
</View>
`;

exports[`App snapshot renders the root without loading screen 1`] = `
<View
  style={
    Object {
      "backgroundColor": "#fff",
      "flex": 1,
    }
  }
>
  <View
    onLayout={[Function]}
    style={
      Object {
        "flex": 1,
      }
    }
  >
    <View
      onMoveShouldSetResponder={[Function]}
      onMoveShouldSetResponderCapture={[Function]}
      onResponderEnd={[Function]}
      onResponderGrant={[Function]}
      onResponderMove={[Function]}
      onResponderReject={[Function]}
      onResponderRelease={[Function]}
      onResponderStart={[Function]}
      onResponderTerminate={[Function]}
      onResponderTerminationRequest={[Function]}
      onStartShouldSetResponder={[Function]}
      onStartShouldSetResponderCapture={[Function]}
      style={
        Array [
          Object {
            "flex": 1,
            "flexDirection": "column-reverse",
            "overflow": "hidden",
          },
          Object {
            "backgroundColor": "#000",
          },
        ]
      }
    >
      <View
        style={
          Object {
            "flex": 1,
          }
        }
      >
        <View
          accessibilityElementsHidden={false}
          collapsable={undefined}
          pointerEvents="auto"
          style={
            Object {
              "backgroundColor": "#E9E9EF",
              "bottom": 0,
              "left": 0,
              "opacity": 1,
              "paddingTop": 0,
              "position": "absolute",
              "right": 0,
              "shadowColor": "black",
              "shadowOffset": Object {
                "height": 0,
                "width": 0,
              },
              "shadowOpacity": 0.2,
              "shadowRadius": 5,
              "top": 0,
              "transform": Array [
                Object {
                  "translateX": 0,
                },
                Object {
                  "translateY": 0,
                },
              ],
            }
          }
        >
          <View
            enabled={true}
            keyboardVerticalOffset={0}
            onLayout={[Function]}
            style={
              Array [
                Array [
                  Object {
                    "alignItems": "center",
                    "backgroundColor": "transparent",
                    "flex": 1,
                    "justifyContent": "center",
                  },
                  Object {},
                ],
                Object {
                  "paddingBottom": 0,
                },
              ]
            }
          >
            <Image
              source={1}
              style={
                Object {
                  "bottom": 0,
                  "height": "100%",
                  "left": 0,
                  "position": "absolute",
                }
              }
            />
            <View
              style={
                Object {
                  "alignItems": "stretch",
                  "paddingBottom": 20,
                  "paddingLeft": 20,
                  "paddingRight": 20,
                  "width": "100%",
                }
              }
            >
              <View
                style={
                  Object {
                    "marginBottom": 20,
                    "width": "100%",
                  }
                }
              >
                <View
                  collapsable={undefined}
                  style={
                    Object {
                      "alignItems": "center",
                      "backgroundColor": "rgba(255, 255, 255, 0.9)",
                      "borderBottomWidth": 1,
                      "borderColor": "#d6d7da",
                      "borderRadius": 12,
                      "borderWidth": 0.5,
                      "flexDirection": "row",
                      "paddingBottom": 10,
                      "paddingTop": 10,
                      "transform": Array [
                        Object {
                          "translateX": 0,
                        },
                      ],
                    }
                  }
                >
                  <View
                    style={
                      Object {
                        "alignItems": "center",
                        "height": 40,
                        "justifyContent": "center",
                        "marginLeft": 15,
                      }
                    }
                  >
                    <View
                      style={undefined}
                    >
                      <View
                        onPress={undefined}
                        style={
                          Object {
                            "alignItems": "center",
                            "backgroundColor": "transparent",
                            "justifyContent": "center",
                          }
                        }
                        theme={
                          Object {
                            "colors": Object {
                              "divider": "#bcbbc1",
                              "error": "#ff190c",
                              "grey0": "#393e42",
                              "grey1": "#43484d",
                              "grey2": "#5e6977",
                              "grey3": "#86939e",
                              "grey4": "#bdc6cf",
                              "grey5": "#e1e8ee",
                              "greyOutline": "#bbb",
                              "primary": "#2089dc",
                              "searchBg": "#303337",
                              "secondary": "#8F0CE8",
                            },
                          }
                        }
                        underlayColor="white"
                      >
                        <Text
                          accessible={true}
                          allowFontScaling={false}
                          ellipsizeMode="tail"
                          style={
                            Array [
                              Object {
                                "color": "black",
                                "fontSize": 24,
                              },
                              Object {
                                "backgroundColor": "transparent",
                              },
                              Object {
                                "fontFamily": "FontAwesome",
                                "fontStyle": "normal",
                                "fontWeight": "normal",
                              },
                            ]
                          }
                          testID="iconIcon"
                        >
                          ï€‡
                        </Text>
                      </View>
                    </View>
                  </View>
                  <TextInput
                    allowFontScaling={true}
                    onChangeText={[Function]}
                    placeholder="Username"
                    style={
                      Object {
                        "alignSelf": "center",
                        "color": "black",
                        "flex": 1,
                        "fontSize": 18,
                        "height": 40,
                        "marginLeft": 10,
                      }
                    }
                    underlineColorAndroid="transparent"
                    value=""
                  />
                </View>
              </View>
              <View
                style={
                  Object {
                    "marginBottom": 20,
                    "width": "100%",
                  }
                }
              >
                <View
                  collapsable={undefined}
                  style={
                    Object {
                      "alignItems": "center",
                      "backgroundColor": "rgba(255, 255, 255, 0.9)",
                      "borderBottomWidth": 1,
                      "borderColor": "#d6d7da",
                      "borderRadius": 12,
                      "borderWidth": 0.5,
                      "flexDirection": "row",
                      "paddingBottom": 10,
                      "paddingTop": 10,
                      "transform": Array [
                        Object {
                          "translateX": 0,
                        },
                      ],
                    }
                  }
                >
                  <View
                    style={
                      Object {
                        "alignItems": "center",
                        "height": 40,
                        "justifyContent": "center",
                        "marginLeft": 15,
                      }
                    }
                  >
                    <View
                      style={undefined}
                    >
                      <View
                        onPress={undefined}
                        style={
                          Object {
                            "alignItems": "center",
                            "backgroundColor": "transparent",
                            "justifyContent": "center",
                          }
                        }
                        theme={
                          Object {
                            "colors": Object {
                              "divider": "#bcbbc1",
                              "error": "#ff190c",
                              "grey0": "#393e42",
                              "grey1": "#43484d",
                              "grey2": "#5e6977",
                              "grey3": "#86939e",
                              "grey4": "#bdc6cf",
                              "grey5": "#e1e8ee",
                              "greyOutline": "#bbb",
                              "primary": "#2089dc",
                              "searchBg": "#303337",
                              "secondary": "#8F0CE8",
                            },
                          }
                        }
                        underlayColor="white"
                      >
                        <Text
                          accessible={true}
                          allowFontScaling={false}
                          ellipsizeMode="tail"
                          style={
                            Array [
                              Object {
                                "color": "black",
                                "fontSize": 24,
                              },
                              Object {
                                "backgroundColor": "transparent",
                              },
                              Object {
                                "fontFamily": "FontAwesome",
                                "fontStyle": "normal",
                                "fontWeight": "normal",
                              },
                            ]
                          }
                          testID="iconIcon"
                        >
                          ï€‡
                        </Text>
                      </View>
                    </View>
                  </View>
                  <TextInput
                    allowFontScaling={true}
                    onChangeText={[Function]}
                    placeholder="Password"
                    secureTextEntry={true}
                    style={
                      Object {
                        "alignSelf": "center",
                        "color": "black",
                        "flex": 1,
                        "fontSize": 18,
                        "height": 40,
                        "marginLeft": 10,
                      }
                    }
                    underlineColorAndroid="transparent"
                    value=""
                  />
                </View>
              </View>
              <View
                style={
                  Array [
                    undefined,
                    false,
                  ]
                }
              >
                <View
                  accessibilityComponentType={undefined}
                  accessibilityLabel={undefined}
                  accessibilityTraits={undefined}
                  accessible={true}
                  collapsable={undefined}
                  hasTVPreferredFocus={undefined}
                  hitSlop={undefined}
                  isTVSelectable={true}
                  nativeID={undefined}
                  onLayout={undefined}
                  onResponderGrant={[Function]}
                  onResponderMove={[Function]}
                  onResponderRelease={[Function]}
                  onResponderTerminate={[Function]}
                  onResponderTerminationRequest={[Function]}
                  onStartShouldSetResponder={[Function]}
                  style={
                    Object {
                      "opacity": 1,
                    }
                  }
                  testID={undefined}
                  tvParallaxProperties={undefined}
                >
                  <View
                    style={
                      Object {
                        "alignItems": "center",
                        "backgroundColor": "rgba(255, 255, 255, 0.9)",
                        "borderRadius": 3,
                        "flexDirection": "row",
                        "height": 56,
                        "justifyContent": "center",
                      }
                    }
                  >
                    <Text
                      accessible={true}
                      allowFontScaling={true}
                      ellipsizeMode="tail"
                      style={
                        Object {
                          "backgroundColor": "transparent",
                          "color": "#000000",
                          "fontSize": 18,
                          "padding": 8,
                          "textAlign": "center",
                        }
                      }
                    >
                      Einloggen
                    </Text>
                  </View>
                </View>
              </View>
            </View>
            <View
              style={
                Object {
                  "bottom": 10,
                  "left": 10,
                  "position": "absolute",
                }
              }
            >
              <View
                accessibilityComponentType={undefined}
                accessibilityLabel={undefined}
                accessibilityTraits={undefined}
                accessible={true}
                hasTVPreferredFocus={undefined}
                hitSlop={undefined}
                isTVSelectable={true}
                nativeID={undefined}
                onLayout={undefined}
                onResponderGrant={[Function]}
                onResponderMove={[Function]}
                onResponderRelease={[Function]}
                onResponderTerminate={[Function]}
                onResponderTerminationRequest={[Function]}
                onStartShouldSetResponder={[Function]}
                style={
                  Object {
                    "alignItems": "center",
                    "backgroundColor": "white",
                    "borderRadius": 28,
                    "height": 52,
                    "justifyContent": "center",
                    "margin": 7,
                    "shadowColor": "rgba(0,0,0, .4)",
                    "shadowOffset": Object {
                      "height": 1,
                      "width": 1,
                    },
                    "shadowOpacity": 1,
                    "shadowRadius": 1,
                    "width": 52,
                  }
                }
                testID={undefined}
                tvParallaxProperties={undefined}
              >
                <Text
                  accessible={true}
                  allowFontScaling={false}
                  ellipsizeMode="tail"
                  style={
                    Array [
                      Object {
                        "color": "#f50",
                        "fontSize": 24,
                      },
                      Object {
                        "backgroundColor": "transparent",
                      },
                      Object {
                        "fontFamily": "FontAwesome",
                        "fontStyle": "normal",
                        "fontWeight": "normal",
                      },
                    ]
                  }
                  testID="iconIcon"
                >
                  ï€“
                </Text>
              </View>
            </View>
          </View>
        </View>
      </View>
      <View
        onLayout={[Function]}
        pointerEvents="box-none"
        style={
          Object {
            "left": 0,
            "position": "absolute",
            "right": 0,
            "top": 0,
          }
        }
      >
        <View
          collapsable={undefined}
          style={
            Object {
              "backgroundColor": "#FFF",
              "transform": Array [
                Object {
                  "translateX": -750,
                },
              ],
            }
          }
        >
          <View
            collapsable={undefined}
            onLayout={[Function]}
            pointerEvents="box-none"
            style={
              Object {
                "backgroundColor": "#FFF",
                "borderBottomColor": "#A7A7AA",
                "borderBottomWidth": 0.5,
                "height": 64,
                "paddingBottom": 0,
                "paddingLeft": 0,
                "paddingRight": 0,
                "paddingTop": 20,
              }
            }
          >
            <View
              style={
                Object {
                  "flex": 1,
                }
              }
            />
          </View>
        </View>
      </View>
    </View>
  </View>
</View>
`;
